2026-08-24 06:11:36.548: [INFO] CurrentProfilePath: D:\SpringtoolBT\.metadata\.plugins\org.eclipse.swt\EBWebView\Default
2026-08-24 06:11:36.548: [INFO] Profiles total count: 1
2026-08-24 06:11:36.548: [INFO] Profile: name=Profile 1 path=D:\SpringtoolBT\.metadata\.plugins\org.eclipse.swt\EBWebView\Default lastActive=null
2026-08-24 06:11:36.548: [INFO] LastUsedProfileDir: D:\SpringtoolBT\.metadata\.plugins\org.eclipse.swt\EBWebView\Default
2026-08-24 06:11:36.548: [INFO] OnDoneLoading sync enabled: 0
2026-08-24 06:11:36.548: [INFO] BookmarkModelLoaded, ids_reassigned: 0
2026-08-24 06:11:36.548: [INFO] BookmarksLoadDropped droppedNodes=0
2026-08-24 06:11:36.548: [INFO] BookmarksSnapshot Startup total=0 bar=0 other=0 mobile=0 showBar=0 showBarNTP=1
2026-08-24 06:11:37.436: [INFO] BookmarksSnapshot Shutdown total=0 bar=0 other=0 mobile=0 showBar=0 showBarNTP=1
2026-08-24 06:12:03.822: [INFO] CurrentProfilePath: D:\SpringtoolBT\.metadata\.plugins\org.eclipse.swt\EBWebView\Default
2026-08-24 06:12:03.822: [INFO] Profiles total count: 1
2026-08-24 06:12:03.822: [INFO] Profile: name=Profile 1 path=D:\SpringtoolBT\.metadata\.plugins\org.eclipse.swt\EBWebView\Default lastActive=null
2026-08-24 06:12:03.822: [INFO] LastUsedProfileDir: D:\SpringtoolBT\.metadata\.plugins\org.eclipse.swt\EBWebView\Default
2026-08-24 06:12:03.822: [INFO] OnDoneLoading sync enabled: 0
2026-08-24 06:12:03.822: [INFO] BookmarkModelLoaded, ids_reassigned: 0
2026-08-24 06:12:03.822: [INFO] BookmarksLoadDropped droppedNodes=0
2026-08-24 06:12:03.822: [INFO] BookmarksSnapshot Startup total=0 bar=0 other=0 mobile=0 showBar=0 showBarNTP=1
2026-08-24 06:13:10.516: [INFO] BookmarksSnapshot Shutdown total=0 bar=0 other=0 mobile=0 showBar=0 showBarNTP=1
2026-08-24 06:13:10.561: [INFO] CurrentProfilePath: D:\SpringtoolBT\.metadata\.plugins\org.eclipse.swt\EBWebView\Default
2026-08-24 06:13:10.561: [INFO] Profiles total count: 1
2026-08-24 06:13:10.561: [INFO] Profile: name=Profile 1 path=D:\SpringtoolBT\.metadata\.plugins\org.eclipse.swt\EBWebView\Default lastActive=null
2026-08-24 06:13:10.561: [INFO] LastUsedProfileDir: D:\SpringtoolBT\.metadata\.plugins\org.eclipse.swt\EBWebView\Default
2026-08-24 06:13:10.561: [INFO] OnDoneLoading sync enabled: 0
2026-08-24 06:13:10.561: [INFO] BookmarkModelLoaded, ids_reassigned: 0
2026-08-24 06:13:10.561: [INFO] BookmarksLoadDropped droppedNodes=0
2026-08-24 06:13:10.561: [INFO] BookmarksSnapshot Startup total=0 bar=0 other=0 mobile=0 showBar=0 showBarNTP=1
2026-08-24 06:13:18.540: [INFO] BookmarksSnapshot Shutdown total=0 bar=0 other=0 mobile=0 showBar=0 showBarNTP=1
2026-08-24 06:13:18.579: [INFO] CurrentProfilePath: D:\SpringtoolBT\.metadata\.plugins\org.eclipse.swt\EBWebView\Default
2026-08-24 06:13:18.579: [INFO] Profiles total count: 1
2026-08-24 06:13:18.579: [INFO] Profile: name=Profile 1 path=D:\SpringtoolBT\.metadata\.plugins\org.eclipse.swt\EBWebView\Default lastActive=null
2026-08-24 06:13:18.579: [INFO] LastUsedProfileDir: D:\SpringtoolBT\.metadata\.plugins\org.eclipse.swt\EBWebView\Default
2026-08-24 06:13:18.579: [INFO] OnDoneLoading sync enabled: 0
2026-08-24 06:13:18.579: [INFO] BookmarkModelLoaded, ids_reassigned: 0
2026-08-24 06:13:18.579: [INFO] BookmarksLoadDropped droppedNodes=0
2026-08-24 06:13:18.579: [INFO] BookmarksSnapshot Startup total=0 bar=0 other=0 mobile=0 showBar=0 showBarNTP=1
2026-08-24 08:56:07.740: [INFO] BookmarksSnapshot Shutdown total=0 bar=0 other=0 mobile=0 showBar=0 showBarNTP=1
2026-08-24 16:34:40.293: [INFO] CurrentProfilePath: D:\SpringtoolBT\.metadata\.plugins\org.eclipse.swt\EBWebView\Default
2026-08-24 16:34:40.293: [INFO] Profiles total count: 1
2026-08-24 16:34:40.294: [INFO] Profile: name=Profile 1 path=D:\SpringtoolBT\.metadata\.plugins\org.eclipse.swt\EBWebView\Default lastActive=2026-08-24T06:38:12.161Z
2026-08-24 16:34:40.294: [INFO] LastUsedProfileDir: D:\SpringtoolBT\.metadata\.plugins\org.eclipse.swt\EBWebView\Default
2026-08-24 16:34:40.294: [INFO] MostRecentlyActiveProfile: name=Profile 1 path=D:\SpringtoolBT\.metadata\.plugins\org.eclipse.swt\EBWebView\Default lastActive=2026-08-24T06:38:12.161Z
2026-08-24 16:34:40.294: [INFO] OnDoneLoading sync enabled: 0
2026-08-24 16:34:40.294: [INFO] BookmarkModelLoaded, ids_reassigned: 0
2026-08-24 16:34:40.294: [INFO] BookmarksLoadDropped droppedNodes=0
2026-08-24 16:34:40.294: [INFO] BookmarksSnapshot Startup total=0 bar=0 other=0 mobile=0 showBar=0 showBarNTP=1
2026-08-24 16:45:41.001: [INFO] BookmarksSnapshot Shutdown total=0 bar=0 other=0 mobile=0 showBar=0 showBarNTP=1
2026-08-25 06:54:05.168: [INFO] CurrentProfilePath: D:\SpringtoolBT\.metadata\.plugins\org.eclipse.swt\EBWebView\Default
2026-08-25 06:54:05.168: [INFO] Profiles total count: 1
2026-08-25 06:54:05.169: [INFO] Profile: name=Profile 1 path=D:\SpringtoolBT\.metadata\.plugins\org.eclipse.swt\EBWebView\Default lastActive=2026-08-24T06:38:12.161Z
2026-08-25 06:54:05.169: [INFO] LastUsedProfileDir: D:\SpringtoolBT\.metadata\.plugins\org.eclipse.swt\EBWebView\Default
2026-08-25 06:54:05.169: [INFO] MostRecentlyActiveProfile: name=Profile 1 path=D:\SpringtoolBT\.metadata\.plugins\org.eclipse.swt\EBWebView\Default lastActive=2026-08-24T06:38:12.161Z
2026-08-25 06:54:05.169: [INFO] OnDoneLoading sync enabled: 0
2026-08-25 06:54:05.169: [INFO] BookmarkModelLoaded, ids_reassigned: 0
2026-08-25 06:54:05.169: [INFO] BookmarksLoadDropped droppedNodes=0
2026-08-25 06:54:05.169: [INFO] BookmarksSnapshot Startup total=0 bar=0 other=0 mobile=0 showBar=0 showBarNTP=1
2026-08-25 06:58:45.602: [INFO] BookmarksSnapshot Shutdown total=0 bar=0 other=0 mobile=0 showBar=0 showBarNTP=1
2026-08-25 07:04:57.430: [INFO] CurrentProfilePath: D:\SpringtoolBT\.metadata\.plugins\org.eclipse.swt\EBWebView\Default
2026-08-25 07:04:57.430: [INFO] Profiles total count: 1
2026-08-25 07:04:57.431: [INFO] Profile: name=Profile 1 path=D:\SpringtoolBT\.metadata\.plugins\org.eclipse.swt\EBWebView\Default lastActive=2026-08-24T06:38:12.161Z
2026-08-25 07:04:57.431: [INFO] LastUsedProfileDir: D:\SpringtoolBT\.metadata\.plugins\org.eclipse.swt\EBWebView\Default
2026-08-25 07:04:57.431: [INFO] MostRecentlyActiveProfile: name=Profile 1 path=D:\SpringtoolBT\.metadata\.plugins\org.eclipse.swt\EBWebView\Default lastActive=2026-08-24T06:38:12.161Z
2026-08-25 07:04:57.431: [INFO] OnDoneLoading sync enabled: 0
2026-08-25 07:04:57.431: [INFO] BookmarkModelLoaded, ids_reassigned: 0
2026-08-25 07:04:57.431: [INFO] BookmarksLoadDropped droppedNodes=0
2026-08-25 07:04:57.431: [INFO] BookmarksSnapshot Startup total=0 bar=0 other=0 mobile=0 showBar=0 showBarNTP=1
2026-08-25 08:56:14.579: [INFO] BookmarksSnapshot Shutdown total=0 bar=0 other=0 mobile=0 showBar=0 showBarNTP=1
2026-08-25 09:14:07.199: [INFO] CurrentProfilePath: D:\24162112_NguyenHuyTan_B1\.metadata\.plugins\org.eclipse.swt\EBWebView\Default
2026-08-25 09:14:07.199: [INFO] Profiles total count: 1
2026-08-25 09:14:07.199: [INFO] Profile: name=Profile 1 path=D:\24162112_NguyenHuyTan_B1\.metadata\.plugins\org.eclipse.swt\EBWebView\Default lastActive=2026-08-24T06:38:12.161Z
2026-08-25 09:14:07.199: [INFO] LastUsedProfileDir: D:\24162112_NguyenHuyTan_B1\.metadata\.plugins\org.eclipse.swt\EBWebView\Default
2026-08-25 09:14:07.199: [INFO] MostRecentlyActiveProfile: name=Profile 1 path=D:\24162112_NguyenHuyTan_B1\.metadata\.plugins\org.eclipse.swt\EBWebView\Default lastActive=2026-08-24T06:38:12.161Z
2026-08-25 09:14:07.199: [INFO] OnDoneLoading sync enabled: 0
2026-08-25 09:14:07.199: [INFO] BookmarkModelLoaded, ids_reassigned: 0
2026-08-25 09:14:07.199: [INFO] BookmarksLoadDropped droppedNodes=0
2026-08-25 09:14:07.200: [INFO] BookmarksSnapshot Startup total=0 bar=0 other=0 mobile=0 showBar=0 showBarNTP=1
2026-08-25 09:14:23.143: [INFO] BookmarksSnapshot Shutdown total=0 bar=0 other=0 mobile=0 showBar=0 showBarNTP=1
2026-08-25 09:14:30.583: [INFO] CurrentProfilePath: D:\24162112_NguyenHuyTan_B1\.metadata\.plugins\org.eclipse.swt\EBWebView\Default
2026-08-25 09:14:30.583: [INFO] Profiles total count: 1
2026-08-25 09:14:30.583: [INFO] Profile: name=Profile 1 path=D:\24162112_NguyenHuyTan_B1\.metadata\.plugins\org.eclipse.swt\EBWebView\Default lastActive=2026-08-24T06:38:12.161Z
2026-08-25 09:14:30.583: [INFO] LastUsedProfileDir: D:\24162112_NguyenHuyTan_B1\.metadata\.plugins\org.eclipse.swt\EBWebView\Default
2026-08-25 09:14:30.583: [INFO] MostRecentlyActiveProfile: name=Profile 1 path=D:\24162112_NguyenHuyTan_B1\.metadata\.plugins\org.eclipse.swt\EBWebView\Default lastActive=2026-08-24T06:38:12.161Z
2026-08-25 09:14:30.583: [INFO] OnDoneLoading sync enabled: 0
2026-08-25 09:14:30.583: [INFO] BookmarkModelLoaded, ids_reassigned: 0
2026-08-25 09:14:30.583: [INFO] BookmarksLoadDropped droppedNodes=0
2026-08-25 09:14:30.583: [INFO] BookmarksSnapshot Startup total=0 bar=0 other=0 mobile=0 showBar=0 showBarNTP=1
2026-08-25 09:15:48.454: [INFO] BookmarksSnapshot Shutdown total=0 bar=0 other=0 mobile=0 showBar=0 showBarNTP=1
2026-08-25 12:56:39.478: [INFO] CurrentProfilePath: D:\24162112_NguyenHuyTan_B1\.metadata\.plugins\org.eclipse.swt\EBWebView\Default
2026-08-25 12:56:39.478: [INFO] Profiles total count: 1
2026-08-25 12:56:39.479: [INFO] Profile: name=Profile 1 path=D:\24162112_NguyenHuyTan_B1\.metadata\.plugins\org.eclipse.swt\EBWebView\Default lastActive=2026-08-24T06:38:12.161Z
2026-08-25 12:56:39.479: [INFO] LastUsedProfileDir: D:\24162112_NguyenHuyTan_B1\.metadata\.plugins\org.eclipse.swt\EBWebView\Default
2026-08-25 12:56:39.479: [INFO] MostRecentlyActiveProfile: name=Profile 1 path=D:\24162112_NguyenHuyTan_B1\.metadata\.plugins\org.eclipse.swt\EBWebView\Default lastActive=2026-08-24T06:38:12.161Z
2026-08-25 12:56:39.479: [INFO] OnDoneLoading sync enabled: 0
2026-08-25 12:56:39.479: [INFO] BookmarkModelLoaded, ids_reassigned: 0
2026-08-25 12:56:39.479: [INFO] BookmarksLoadDropped droppedNodes=0
2026-08-25 12:56:39.479: [INFO] BookmarksSnapshot Startup total=0 bar=0 other=0 mobile=0 showBar=0 showBarNTP=1
2026-08-25 12:56:39.537: [INFO] BookmarksSnapshot Shutdown total=0 bar=0 other=0 mobile=0 showBar=0 showBarNTP=1
2026-08-25 12:58:21.948: [INFO] CurrentProfilePath: D:\24162112_NguyenHuyTan_B1\.metadata\.plugins\org.eclipse.swt\EBWebView\Default
2026-08-25 12:58:21.948: [INFO] Profiles total count: 1
2026-08-25 12:58:21.949: [INFO] Profile: name=Profile 1 path=D:\24162112_NguyenHuyTan_B1\.metadata\.plugins\org.eclipse.swt\EBWebView\Default lastActive=2026-08-24T06:38:12.161Z
2026-08-25 12:58:21.949: [INFO] LastUsedProfileDir: D:\24162112_NguyenHuyTan_B1\.metadata\.plugins\org.eclipse.swt\EBWebView\Default
2026-08-25 12:58:21.949: [INFO] MostRecentlyActiveProfile: name=Profile 1 path=D:\24162112_NguyenHuyTan_B1\.metadata\.plugins\org.eclipse.swt\EBWebView\Default lastActive=2026-08-24T06:38:12.161Z
2026-08-25 12:58:21.949: [INFO] OnDoneLoading sync enabled: 0
2026-08-25 12:58:21.949: [INFO] BookmarkModelLoaded, ids_reassigned: 0
2026-08-25 12:58:21.949: [INFO] BookmarksLoadDropped droppedNodes=0
2026-08-25 12:58:21.949: [INFO] BookmarksSnapshot Startup total=0 bar=0 other=0 mobile=0 showBar=0 showBarNTP=1
2026-08-25 12:58:32.992: [INFO] BookmarksSnapshot Shutdown total=0 bar=0 other=0 mobile=0 showBar=0 showBarNTP=1
2026-08-25 13:01:18.255: [INFO] CurrentProfilePath: D:\24162112_NguyenHuyTan_B1\.metadata\.plugins\org.eclipse.swt\EBWebView\Default
2026-08-25 13:01:18.255: [INFO] Profiles total count: 1
2026-08-25 13:01:18.256: [INFO] Profile: name=Profile 1 path=D:\24162112_NguyenHuyTan_B1\.metadata\.plugins\org.eclipse.swt\EBWebView\Default lastActive=2026-08-24T06:38:12.161Z
2026-08-25 13:01:18.256: [INFO] LastUsedProfileDir: D:\24162112_NguyenHuyTan_B1\.metadata\.plugins\org.eclipse.swt\EBWebView\Default
2026-08-25 13:01:18.256: [INFO] MostRecentlyActiveProfile: name=Profile 1 path=D:\24162112_NguyenHuyTan_B1\.metadata\.plugins\org.eclipse.swt\EBWebView\Default lastActive=2026-08-24T06:38:12.161Z
2026-08-25 13:01:18.256: [INFO] OnDoneLoading sync enabled: 0
2026-08-25 13:01:18.256: [INFO] BookmarkModelLoaded, ids_reassigned: 0
2026-08-25 13:01:18.256: [INFO] BookmarksLoadDropped droppedNodes=0
2026-08-25 13:01:18.256: [INFO] BookmarksSnapshot Startup total=0 bar=0 other=0 mobile=0 showBar=0 showBarNTP=1
2026-08-25 13:01:47.505: [INFO] BookmarksSnapshot Shutdown total=0 bar=0 other=0 mobile=0 showBar=0 showBarNTP=1
2026-08-25 13:02:20.963: [INFO] CurrentProfilePath: D:\24162112_NguyenHuyTan_B1\.metadata\.plugins\org.eclipse.swt\EBWebView\Default
2026-08-25 13:02:20.963: [INFO] Profiles total count: 1
2026-08-25 13:02:20.963: [INFO] Profile: name=Profile 1 path=D:\24162112_NguyenHuyTan_B1\.metadata\.plugins\org.eclipse.swt\EBWebView\Default lastActive=2026-08-24T06:38:12.161Z
2026-08-25 13:02:20.963: [INFO] LastUsedProfileDir: D:\24162112_NguyenHuyTan_B1\.metadata\.plugins\org.eclipse.swt\EBWebView\Default
2026-08-25 13:02:20.963: [INFO] MostRecentlyActiveProfile: name=Profile 1 path=D:\24162112_NguyenHuyTan_B1\.metadata\.plugins\org.eclipse.swt\EBWebView\Default lastActive=2026-08-24T06:38:12.161Z
2026-08-25 13:02:20.963: [INFO] OnDoneLoading sync enabled: 0
2026-08-25 13:02:20.963: [INFO] BookmarkModelLoaded, ids_reassigned: 0
2026-08-25 13:02:20.963: [INFO] BookmarksLoadDropped droppedNodes=0
2026-08-25 13:02:20.963: [INFO] BookmarksSnapshot Startup total=0 bar=0 other=0 mobile=0 showBar=0 showBarNTP=1
2026-08-25 13:40:19.028: [INFO] BookmarksSnapshot Shutdown total=0 bar=0 other=0 mobile=0 showBar=0 showBarNTP=1
2026-08-25 13:42:19.800: [INFO] CurrentProfilePath: D:\24162112_NguyenHuyTan_B1\.metadata\.plugins\org.eclipse.swt\EBWebView\Default
2026-08-25 13:42:19.800: [INFO] Profiles total count: 1
2026-08-25 13:42:19.800: [INFO] Profile: name=Profile 1 path=D:\24162112_NguyenHuyTan_B1\.metadata\.plugins\org.eclipse.swt\EBWebView\Default lastActive=2026-08-24T06:38:12.161Z
2026-08-25 13:42:19.800: [INFO] LastUsedProfileDir: D:\24162112_NguyenHuyTan_B1\.metadata\.plugins\org.eclipse.swt\EBWebView\Default
2026-08-25 13:42:19.800: [INFO] MostRecentlyActiveProfile: name=Profile 1 path=D:\24162112_NguyenHuyTan_B1\.metadata\.plugins\org.eclipse.swt\EBWebView\Default lastActive=2026-08-24T06:38:12.161Z
2026-08-25 13:42:19.800: [INFO] OnDoneLoading sync enabled: 0
2026-08-25 13:42:19.800: [INFO] BookmarkModelLoaded, ids_reassigned: 0
2026-08-25 13:42:19.800: [INFO] BookmarksLoadDropped droppedNodes=0
2026-08-25 13:42:19.801: [INFO] BookmarksSnapshot Startup total=0 bar=0 other=0 mobile=0 showBar=0 showBarNTP=1
2026-08-25 15:14:34.626: [INFO] BookmarksSnapshot Shutdown total=0 bar=0 other=0 mobile=0 showBar=0 showBarNTP=1
2026-08-25 15:34:36.265: [INFO] CurrentProfilePath: D:\24162112_NguyenHuyTan_CRUD\.metadata\.plugins\org.eclipse.swt\EBWebView\Default
2026-08-25 15:34:36.265: [INFO] Profiles total count: 1
2026-08-25 15:34:36.265: [INFO] Profile: name=Profile 1 path=D:\24162112_NguyenHuyTan_CRUD\.metadata\.plugins\org.eclipse.swt\EBWebView\Default lastActive=2026-08-24T06:38:12.161Z
2026-08-25 15:34:36.265: [INFO] LastUsedProfileDir: D:\24162112_NguyenHuyTan_CRUD\.metadata\.plugins\org.eclipse.swt\EBWebView\Default
2026-08-25 15:34:36.265: [INFO] MostRecentlyActiveProfile: name=Profile 1 path=D:\24162112_NguyenHuyTan_CRUD\.metadata\.plugins\org.eclipse.swt\EBWebView\Default lastActive=2026-08-24T06:38:12.161Z
2026-08-25 15:34:36.265: [INFO] OnDoneLoading sync enabled: 0
2026-08-25 15:34:36.265: [INFO] BookmarkModelLoaded, ids_reassigned: 0
2026-08-25 15:34:36.265: [INFO] BookmarksLoadDropped droppedNodes=0
2026-08-25 15:34:36.265: [INFO] BookmarksSnapshot Startup total=0 bar=0 other=0 mobile=0 showBar=0 showBarNTP=1
2026-08-25 15:34:48.821: [INFO] BookmarksSnapshot Shutdown total=0 bar=0 other=0 mobile=0 showBar=0 showBarNTP=1
2026-08-25 15:37:26.536: [INFO] CurrentProfilePath: D:\24162112_NguyenHuyTan_CRUD\.metadata\.plugins\org.eclipse.swt\EBWebView\Default
2026-08-25 15:37:26.536: [INFO] Profiles total count: 1
2026-08-25 15:37:26.536: [INFO] Profile: name=Profile 1 path=D:\24162112_NguyenHuyTan_CRUD\.metadata\.plugins\org.eclipse.swt\EBWebView\Default lastActive=2026-08-24T06:38:12.161Z
2026-08-25 15:37:26.536: [INFO] LastUsedProfileDir: D:\24162112_NguyenHuyTan_CRUD\.metadata\.plugins\org.eclipse.swt\EBWebView\Default
2026-08-25 15:37:26.536: [INFO] MostRecentlyActiveProfile: name=Profile 1 path=D:\24162112_NguyenHuyTan_CRUD\.metadata\.plugins\org.eclipse.swt\EBWebView\Default lastActive=2026-08-24T06:38:12.161Z
2026-08-25 15:37:26.536: [INFO] OnDoneLoading sync enabled: 0
2026-08-25 15:37:26.536: [INFO] BookmarkModelLoaded, ids_reassigned: 0
2026-08-25 15:37:26.536: [INFO] BookmarksLoadDropped droppedNodes=0
2026-08-25 15:37:26.536: [INFO] BookmarksSnapshot Startup total=0 bar=0 other=0 mobile=0 showBar=0 showBarNTP=1
2026-08-25 15:37:36.245: [INFO] BookmarksSnapshot Shutdown total=0 bar=0 other=0 mobile=0 showBar=0 showBarNTP=1
2026-08-25 15:41:49.150: [INFO] CurrentProfilePath: D:\24162112_NguyenHuyTan_CRUD\.metadata\.plugins\org.eclipse.swt\EBWebView\Default
2026-08-25 15:41:49.150: [INFO] Profiles total count: 1
2026-08-25 15:41:49.150: [INFO] Profile: name=Profile 1 path=D:\24162112_NguyenHuyTan_CRUD\.metadata\.plugins\org.eclipse.swt\EBWebView\Default lastActive=2026-08-24T06:38:12.161Z
2026-08-25 15:41:49.150: [INFO] LastUsedProfileDir: D:\24162112_NguyenHuyTan_CRUD\.metadata\.plugins\org.eclipse.swt\EBWebView\Default
2026-08-25 15:41:49.150: [INFO] MostRecentlyActiveProfile: name=Profile 1 path=D:\24162112_NguyenHuyTan_CRUD\.metadata\.plugins\org.eclipse.swt\EBWebView\Default lastActive=2026-08-24T06:38:12.161Z
2026-08-25 15:41:49.150: [INFO] OnDoneLoading sync enabled: 0
2026-08-25 15:41:49.150: [INFO] BookmarkModelLoaded, ids_reassigned: 0
2026-08-25 15:41:49.150: [INFO] BookmarksLoadDropped droppedNodes=0
2026-08-25 15:41:49.150: [INFO] BookmarksSnapshot Startup total=0 bar=0 other=0 mobile=0 showBar=0 showBarNTP=1
2026-08-25 15:43:05.700: [INFO] BookmarksSnapshot Shutdown total=0 bar=0 other=0 mobile=0 showBar=0 showBarNTP=1
2026-08-26 03:07:33.813: [INFO] CurrentProfilePath: D:\24162112_NguyenHuyTan_CRUD\.metadata\.plugins\org.eclipse.swt\EBWebView\Default
2026-08-26 03:07:33.813: [INFO] Profiles total count: 1
2026-08-26 03:07:33.813: [INFO] Profile: name=Profile 1 path=D:\24162112_NguyenHuyTan_CRUD\.metadata\.plugins\org.eclipse.swt\EBWebView\Default lastActive=2026-08-24T06:38:12.161Z
2026-08-26 03:07:33.813: [INFO] LastUsedProfileDir: D:\24162112_NguyenHuyTan_CRUD\.metadata\.plugins\org.eclipse.swt\EBWebView\Default
2026-08-26 03:07:33.813: [INFO] MostRecentlyActiveProfile: name=Profile 1 path=D:\24162112_NguyenHuyTan_CRUD\.metadata\.plugins\org.eclipse.swt\EBWebView\Default lastActive=2026-08-24T06:38:12.161Z
2026-08-26 03:07:33.813: [INFO] OnDoneLoading sync enabled: 0
2026-08-26 03:07:33.813: [INFO] BookmarkModelLoaded, ids_reassigned: 0
2026-08-26 03:07:33.813: [INFO] BookmarksLoadDropped droppedNodes=0
2026-08-26 03:07:33.813: [INFO] BookmarksSnapshot Startup total=0 bar=0 other=0 mobile=0 showBar=0 showBarNTP=1
2026-08-26 03:16:28.740: [INFO] BookmarksSnapshot Shutdown total=0 bar=0 other=0 mobile=0 showBar=0 showBarNTP=1
2026-08-26 15:07:18.757: [INFO] CurrentProfilePath: D:\24162112_NguyenHuyTan_CRUD\.metadata\.plugins\org.eclipse.swt\EBWebView\Default
2026-08-26 15:07:18.757: [INFO] Profiles total count: 1
2026-08-26 15:07:18.757: [INFO] Profile: name=Profile 1 path=D:\24162112_NguyenHuyTan_CRUD\.metadata\.plugins\org.eclipse.swt\EBWebView\Default lastActive=2026-08-24T06:38:12.161Z
2026-08-26 15:07:18.757: [INFO] LastUsedProfileDir: D:\24162112_NguyenHuyTan_CRUD\.metadata\.plugins\org.eclipse.swt\EBWebView\Default
2026-08-26 15:07:18.757: [INFO] MostRecentlyActiveProfile: name=Profile 1 path=D:\24162112_NguyenHuyTan_CRUD\.metadata\.plugins\org.eclipse.swt\EBWebView\Default lastActive=2026-08-24T06:38:12.161Z
2026-08-26 15:07:18.757: [INFO] OnDoneLoading sync enabled: 0
2026-08-26 15:07:18.757: [INFO] BookmarkModelLoaded, ids_reassigned: 0
2026-08-26 15:07:18.757: [INFO] BookmarksLoadDropped droppedNodes=0
2026-08-26 15:07:18.757: [INFO] BookmarksSnapshot Startup total=0 bar=0 other=0 mobile=0 showBar=0 showBarNTP=1
2026-08-26 15:08:30.948: [INFO] BookmarksSnapshot Shutdown total=0 bar=0 other=0 mobile=0 showBar=0 showBarNTP=1
2026-08-27 05:56:09.370: [INFO] CurrentProfilePath: D:\24162112_NguyenHuyTan_JPA\.metadata\.plugins\org.eclipse.swt\EBWebView\Default
2026-08-27 05:56:09.370: [INFO] Profiles total count: 1
2026-08-27 05:56:09.371: [INFO] Profile: name=Profile 1 path=D:\24162112_NguyenHuyTan_JPA\.metadata\.plugins\org.eclipse.swt\EBWebView\Default lastActive=2026-08-24T06:38:12.161Z
2026-08-27 05:56:09.371: [INFO] LastUsedProfileDir: D:\24162112_NguyenHuyTan_JPA\.metadata\.plugins\org.eclipse.swt\EBWebView\Default
2026-08-27 05:56:09.371: [INFO] MostRecentlyActiveProfile: name=Profile 1 path=D:\24162112_NguyenHuyTan_JPA\.metadata\.plugins\org.eclipse.swt\EBWebView\Default lastActive=2026-08-24T06:38:12.161Z
2026-08-27 05:56:09.371: [INFO] OnDoneLoading sync enabled: 0
2026-08-27 05:56:09.371: [INFO] BookmarkModelLoaded, ids_reassigned: 0
2026-08-27 05:56:09.371: [INFO] BookmarksLoadDropped droppedNodes=0
2026-08-27 05:56:09.371: [INFO] BookmarksSnapshot Startup total=0 bar=0 other=0 mobile=0 showBar=0 showBarNTP=1
2026-08-27 06:31:24.432: [INFO] BookmarksSnapshot Shutdown total=0 bar=0 other=0 mobile=0 showBar=0 showBarNTP=1
2026-08-27 06:31:56.093: [INFO] CurrentProfilePath: D:\24162112_NguyenHuyTan_JPA\.metadata\.plugins\org.eclipse.swt\EBWebView\Default
2026-08-27 06:31:56.093: [INFO] Profiles total count: 1
2026-08-27 06:31:56.094: [INFO] Profile: name=Profile 1 path=D:\24162112_NguyenHuyTan_JPA\.metadata\.plugins\org.eclipse.swt\EBWebView\Default lastActive=2026-08-24T06:38:12.161Z
2026-08-27 06:31:56.094: [INFO] LastUsedProfileDir: D:\24162112_NguyenHuyTan_JPA\.metadata\.plugins\org.eclipse.swt\EBWebView\Default
2026-08-27 06:31:56.094: [INFO] MostRecentlyActiveProfile: name=Profile 1 path=D:\24162112_NguyenHuyTan_JPA\.metadata\.plugins\org.eclipse.swt\EBWebView\Default lastActive=2026-08-24T06:38:12.161Z
2026-08-27 06:31:56.094: [INFO] OnDoneLoading sync enabled: 0
2026-08-27 06:31:56.094: [INFO] BookmarkModelLoaded, ids_reassigned: 0
2026-08-27 06:31:56.094: [INFO] BookmarksLoadDropped droppedNodes=0
2026-08-27 06:31:56.094: [INFO] BookmarksSnapshot Startup total=0 bar=0 other=0 mobile=0 showBar=0 showBarNTP=1
2026-08-27 07:46:51.635: [INFO] BookmarksSnapshot Shutdown total=0 bar=0 other=0 mobile=0 showBar=0 showBarNTP=1
2026-08-28 07:23:29.871: [INFO] CurrentProfilePath: D:\24162112_NguyenHuyTan_JPA\.metadata\.plugins\org.eclipse.swt\EBWebView\Default
2026-08-28 07:23:29.871: [INFO] Profiles total count: 1
2026-08-28 07:23:29.871: [INFO] Profile: name=Profile 1 path=D:\24162112_NguyenHuyTan_JPA\.metadata\.plugins\org.eclipse.swt\EBWebView\Default lastActive=2026-08-24T06:38:12.161Z
2026-08-28 07:23:29.871: [INFO] LastUsedProfileDir: D:\24162112_NguyenHuyTan_JPA\.metadata\.plugins\org.eclipse.swt\EBWebView\Default
2026-08-28 07:23:29.871: [INFO] MostRecentlyActiveProfile: name=Profile 1 path=D:\24162112_NguyenHuyTan_JPA\.metadata\.plugins\org.eclipse.swt\EBWebView\Default lastActive=2026-08-24T06:38:12.161Z
2026-08-28 07:23:29.871: [INFO] OnDoneLoading sync enabled: 0
2026-08-28 07:23:29.871: [INFO] BookmarkModelLoaded, ids_reassigned: 0
2026-08-28 07:23:29.871: [INFO] BookmarksLoadDropped droppedNodes=0
2026-08-28 07:23:29.871: [INFO] BookmarksSnapshot Startup total=0 bar=0 other=0 mobile=0 showBar=0 showBarNTP=1
2026-08-28 07:28:50.585: [INFO] BookmarksSnapshot Shutdown total=0 bar=0 other=0 mobile=0 showBar=0 showBarNTP=1
2026-08-28 07:55:47.131: [INFO] CurrentProfilePath: D:\24162112_NguyenHuyTan_JPA\.metadata\.plugins\org.eclipse.swt\EBWebView\Default
2026-08-28 07:55:47.131: [INFO] Profiles total count: 1
2026-08-28 07:55:47.132: [INFO] Profile: name=Profile 1 path=D:\24162112_NguyenHuyTan_JPA\.metadata\.plugins\org.eclipse.swt\EBWebView\Default lastActive=2026-08-24T06:38:12.161Z
2026-08-28 07:55:47.132: [INFO] LastUsedProfileDir: D:\24162112_NguyenHuyTan_JPA\.metadata\.plugins\org.eclipse.swt\EBWebView\Default
2026-08-28 07:55:47.132: [INFO] MostRecentlyActiveProfile: name=Profile 1 path=D:\24162112_NguyenHuyTan_JPA\.metadata\.plugins\org.eclipse.swt\EBWebView\Default lastActive=2026-08-24T06:38:12.161Z
2026-08-28 07:55:47.132: [INFO] OnDoneLoading sync enabled: 0
2026-08-28 07:55:47.132: [INFO] BookmarkModelLoaded, ids_reassigned: 0
2026-08-28 07:55:47.132: [INFO] BookmarksLoadDropped droppedNodes=0
2026-08-28 07:55:47.132: [INFO] BookmarksSnapshot Startup total=0 bar=0 other=0 mobile=0 showBar=0 showBarNTP=1
2026-08-28 08:02:19.159: [INFO] BookmarksSnapshot Shutdown total=0 bar=0 other=0 mobile=0 showBar=0 showBarNTP=1
2026-08-28 19:58:49.738: [INFO] CurrentProfilePath: D:\24162112_NguyenHuyTan_JPA\.metadata\.plugins\org.eclipse.swt\EBWebView\Default
2026-08-28 19:58:49.738: [INFO] Profiles total count: 1
2026-08-28 19:58:49.738: [INFO] Profile: name=Profile 1 path=D:\24162112_NguyenHuyTan_JPA\.metadata\.plugins\org.eclipse.swt\EBWebView\Default lastActive=2026-08-24T06:38:12.161Z
2026-08-28 19:58:49.738: [INFO] LastUsedProfileDir: D:\24162112_NguyenHuyTan_JPA\.metadata\.plugins\org.eclipse.swt\EBWebView\Default
2026-08-28 19:58:49.738: [INFO] MostRecentlyActiveProfile: name=Profile 1 path=D:\24162112_NguyenHuyTan_JPA\.metadata\.plugins\org.eclipse.swt\EBWebView\Default lastActive=2026-08-24T06:38:12.161Z
2026-08-28 19:58:49.738: [INFO] OnDoneLoading sync enabled: 0
2026-08-28 19:58:49.738: [INFO] BookmarkModelLoaded, ids_reassigned: 0
2026-08-28 19:58:49.738: [INFO] BookmarksLoadDropped droppedNodes=0
2026-08-28 19:58:49.738: [INFO] BookmarksSnapshot Startup total=0 bar=0 other=0 mobile=0 showBar=0 showBarNTP=1
2026-08-28 21:07:06.175: [INFO] BookmarksSnapshot Shutdown total=0 bar=0 other=0 mobile=0 showBar=0 showBarNTP=1
2026-08-29 03:20:53.008: [INFO] CurrentProfilePath: D:\24162112_NguyenHuyTan_JPA\.metadata\.plugins\org.eclipse.swt\EBWebView\Default
2026-08-29 03:20:53.008: [INFO] Profiles total count: 1
2026-08-29 03:20:53.008: [INFO] Profile: name=Profile 1 path=D:\24162112_NguyenHuyTan_JPA\.metadata\.plugins\org.eclipse.swt\EBWebView\Default lastActive=2026-08-24T06:38:12.161Z
2026-08-29 03:20:53.008: [INFO] LastUsedProfileDir: D:\24162112_NguyenHuyTan_JPA\.metadata\.plugins\org.eclipse.swt\EBWebView\Default
2026-08-29 03:20:53.008: [INFO] MostRecentlyActiveProfile: name=Profile 1 path=D:\24162112_NguyenHuyTan_JPA\.metadata\.plugins\org.eclipse.swt\EBWebView\Default lastActive=2026-08-24T06:38:12.161Z
2026-08-29 03:20:53.008: [INFO] OnDoneLoading sync enabled: 0
2026-08-29 03:20:53.008: [INFO] BookmarkModelLoaded, ids_reassigned: 0
2026-08-29 03:20:53.008: [INFO] BookmarksLoadDropped droppedNodes=0
2026-08-29 03:20:53.008: [INFO] BookmarksSnapshot Startup total=0 bar=0 other=0 mobile=0 showBar=0 showBarNTP=1
2026-08-29 08:12:35.741: [INFO] BookmarksSnapshot Shutdown total=0 bar=0 other=0 mobile=0 showBar=0 showBarNTP=1
2026-08-29 15:28:35.296: [INFO] CurrentProfilePath: D:\24162112_NguyenHuyTan_JPA\.metadata\.plugins\org.eclipse.swt\EBWebView\Default
2026-08-29 15:28:35.296: [INFO] Profiles total count: 1
2026-08-29 15:28:35.297: [INFO] Profile: name=Profile 1 path=D:\24162112_NguyenHuyTan_JPA\.metadata\.plugins\org.eclipse.swt\EBWebView\Default lastActive=2026-08-24T06:38:12.161Z
2026-08-29 15:28:35.297: [INFO] LastUsedProfileDir: D:\24162112_NguyenHuyTan_JPA\.metadata\.plugins\org.eclipse.swt\EBWebView\Default
2026-08-29 15:28:35.297: [INFO] MostRecentlyActiveProfile: name=Profile 1 path=D:\24162112_NguyenHuyTan_JPA\.metadata\.plugins\org.eclipse.swt\EBWebView\Default lastActive=2026-08-24T06:38:12.161Z
2026-08-29 15:28:35.297: [INFO] OnDoneLoading sync enabled: 0
2026-08-29 15:28:35.297: [INFO] BookmarkModelLoaded, ids_reassigned: 0
2026-08-29 15:28:35.297: [INFO] BookmarksLoadDropped droppedNodes=0
2026-08-29 15:28:35.297: [INFO] BookmarksSnapshot Startup total=0 bar=0 other=0 mobile=0 showBar=0 showBarNTP=1
2026-08-29 15:51:57.466: [INFO] BookmarksSnapshot Shutdown total=0 bar=0 other=0 mobile=0 showBar=0 showBarNTP=1
2026-09-03 07:15:02.667: [INFO] CurrentProfilePath: D:\24162112_NguyenHuyTan_JPA\.metadata\.plugins\org.eclipse.swt\EBWebView\Default
2026-09-03 07:15:02.667: [INFO] Profiles total count: 1
2026-09-03 07:15:02.667: [INFO] Profile: name=Profile 1 path=D:\24162112_NguyenHuyTan_JPA\.metadata\.plugins\org.eclipse.swt\EBWebView\Default lastActive=2026-08-24T06:38:12.161Z
2026-09-03 07:15:02.667: [INFO] LastUsedProfileDir: D:\24162112_NguyenHuyTan_JPA\.metadata\.plugins\org.eclipse.swt\EBWebView\Default
2026-09-03 07:15:02.667: [INFO] MostRecentlyActiveProfile: name=Profile 1 path=D:\24162112_NguyenHuyTan_JPA\.metadata\.plugins\org.eclipse.swt\EBWebView\Default lastActive=2026-08-24T06:38:12.161Z
2026-09-03 07:15:02.667: [INFO] OnDoneLoading sync enabled: 0
2026-09-03 07:15:02.667: [INFO] BookmarkModelLoaded, ids_reassigned: 0
2026-09-03 07:15:02.667: [INFO] BookmarksLoadDropped droppedNodes=0
2026-09-03 07:15:02.667: [INFO] BookmarksSnapshot Startup total=0 bar=0 other=0 mobile=0 showBar=0 showBarNTP=1
2026-09-03 07:18:16.180: [INFO] BookmarksSnapshot Shutdown total=0 bar=0 other=0 mobile=0 showBar=0 showBarNTP=1
2026-09-03 07:21:35.119: [INFO] CurrentProfilePath: D:\24162112_NguyenHuyTan_JPA\.metadata\.plugins\org.eclipse.swt\EBWebView\Default
2026-09-03 07:21:35.119: [INFO] Profiles total count: 1
2026-09-03 07:21:35.119: [INFO] Profile: name=Profile 1 path=D:\24162112_NguyenHuyTan_JPA\.metadata\.plugins\org.eclipse.swt\EBWebView\Default lastActive=2026-08-24T06:38:12.161Z
2026-09-03 07:21:35.119: [INFO] LastUsedProfileDir: D:\24162112_NguyenHuyTan_JPA\.metadata\.plugins\org.eclipse.swt\EBWebView\Default
2026-09-03 07:21:35.119: [INFO] MostRecentlyActiveProfile: name=Profile 1 path=D:\24162112_NguyenHuyTan_JPA\.metadata\.plugins\org.eclipse.swt\EBWebView\Default lastActive=2026-08-24T06:38:12.161Z
2026-09-03 07:21:35.119: [INFO] OnDoneLoading sync enabled: 0
2026-09-03 07:21:35.119: [INFO] BookmarkModelLoaded, ids_reassigned: 0
2026-09-03 07:21:35.119: [INFO] BookmarksLoadDropped droppedNodes=0
2026-09-03 07:21:35.119: [INFO] BookmarksSnapshot Startup total=0 bar=0 other=0 mobile=0 showBar=0 showBarNTP=1
2026-09-03 07:47:41.670: [INFO] BookmarksSnapshot Shutdown total=0 bar=0 other=0 mobile=0 showBar=0 showBarNTP=1
2026-09-03 08:03:32.850: [INFO] CurrentProfilePath: D:\24162112_NguyenHuyTan_JPA\.metadata\.plugins\org.eclipse.swt\EBWebView\Default
2026-09-03 08:03:32.850: [INFO] Profiles total count: 1
2026-09-03 08:03:32.850: [INFO] Profile: name=Profile 1 path=D:\24162112_NguyenHuyTan_JPA\.metadata\.plugins\org.eclipse.swt\EBWebView\Default lastActive=2026-08-24T06:38:12.161Z
2026-09-03 08:03:32.850: [INFO] LastUsedProfileDir: D:\24162112_NguyenHuyTan_JPA\.metadata\.plugins\org.eclipse.swt\EBWebView\Default
2026-09-03 08:03:32.850: [INFO] MostRecentlyActiveProfile: name=Profile 1 path=D:\24162112_NguyenHuyTan_JPA\.metadata\.plugins\org.eclipse.swt\EBWebView\Default lastActive=2026-08-24T06:38:12.161Z
2026-09-03 08:03:32.850: [INFO] OnDoneLoading sync enabled: 0
2026-09-03 08:03:32.850: [INFO] BookmarkModelLoaded, ids_reassigned: 0
2026-09-03 08:03:32.850: [INFO] BookmarksLoadDropped droppedNodes=0
2026-09-03 08:03:32.850: [INFO] BookmarksSnapshot Startup total=0 bar=0 other=0 mobile=0 showBar=0 showBarNTP=1
2026-09-03 08:55:06.916: [INFO] BookmarksSnapshot Shutdown total=0 bar=0 other=0 mobile=0 showBar=0 showBarNTP=1
2026-09-04 02:50:49.457: [INFO] CurrentProfilePath: D:\24162112_NguyenHuyTan_JPA\.metadata\.plugins\org.eclipse.swt\EBWebView\Default
2026-09-04 02:50:49.457: [INFO] Profiles total count: 1
2026-09-04 02:50:49.457: [INFO] Profile: name=Profile 1 path=D:\24162112_NguyenHuyTan_JPA\.metadata\.plugins\org.eclipse.swt\EBWebView\Default lastActive=2026-08-24T06:38:12.161Z
2026-09-04 02:50:49.457: [INFO] LastUsedProfileDir: D:\24162112_NguyenHuyTan_JPA\.metadata\.plugins\org.eclipse.swt\EBWebView\Default
2026-09-04 02:50:49.457: [INFO] MostRecentlyActiveProfile: name=Profile 1 path=D:\24162112_NguyenHuyTan_JPA\.metadata\.plugins\org.eclipse.swt\EBWebView\Default lastActive=2026-08-24T06:38:12.161Z
2026-09-04 02:50:49.457: [INFO] OnDoneLoading sync enabled: 0
2026-09-04 02:50:49.457: [INFO] BookmarkModelLoaded, ids_reassigned: 0
2026-09-04 02:50:49.457: [INFO] BookmarksLoadDropped droppedNodes=0
2026-09-04 02:50:49.457: [INFO] BookmarksSnapshot Startup total=0 bar=0 other=0 mobile=0 showBar=0 showBarNTP=1
2026-09-04 03:15:52.536: [INFO] BookmarksSnapshot Shutdown total=0 bar=0 other=0 mobile=0 showBar=0 showBarNTP=1
2026-09-04 03:24:15.843: [INFO] CurrentProfilePath: D:\24162112_NguyenHuyTan_JPA\.metadata\.plugins\org.eclipse.swt\EBWebView\Default
2026-09-04 03:24:15.843: [INFO] Profiles total count: 1
2026-09-04 03:24:15.843: [INFO] Profile: name=Profile 1 path=D:\24162112_NguyenHuyTan_JPA\.metadata\.plugins\org.eclipse.swt\EBWebView\Default lastActive=2026-08-24T06:38:12.161Z
2026-09-04 03:24:15.843: [INFO] LastUsedProfileDir: D:\24162112_NguyenHuyTan_JPA\.metadata\.plugins\org.eclipse.swt\EBWebView\Default
2026-09-04 03:24:15.843: [INFO] MostRecentlyActiveProfile: name=Profile 1 path=D:\24162112_NguyenHuyTan_JPA\.metadata\.plugins\org.eclipse.swt\EBWebView\Default lastActive=2026-08-24T06:38:12.161Z
2026-09-04 03:24:15.843: [INFO] OnDoneLoading sync enabled: 0
2026-09-04 03:24:15.843: [INFO] BookmarkModelLoaded, ids_reassigned: 0
2026-09-04 03:24:15.843: [INFO] BookmarksLoadDropped droppedNodes=0
2026-09-04 03:24:15.843: [INFO] BookmarksSnapshot Startup total=0 bar=0 other=0 mobile=0 showBar=0 showBarNTP=1
2026-09-04 03:32:47.240: [INFO] BookmarksSnapshot Shutdown total=0 bar=0 other=0 mobile=0 showBar=0 showBarNTP=1
2026-09-05 01:58:59.611: [INFO] CurrentProfilePath: D:\24162112_NguyenHuyTan_JPA\.metadata\.plugins\org.eclipse.swt\EBWebView\Default
2026-09-05 01:58:59.611: [INFO] Profiles total count: 1
2026-09-05 01:58:59.611: [INFO] Profile: name=Profile 1 path=D:\24162112_NguyenHuyTan_JPA\.metadata\.plugins\org.eclipse.swt\EBWebView\Default lastActive=2026-08-24T06:38:12.161Z
2026-09-05 01:58:59.611: [INFO] LastUsedProfileDir: D:\24162112_NguyenHuyTan_JPA\.metadata\.plugins\org.eclipse.swt\EBWebView\Default
2026-09-05 01:58:59.611: [INFO] MostRecentlyActiveProfile: name=Profile 1 path=D:\24162112_NguyenHuyTan_JPA\.metadata\.plugins\org.eclipse.swt\EBWebView\Default lastActive=2026-08-24T06:38:12.161Z
2026-09-05 01:58:59.611: [INFO] OnDoneLoading sync enabled: 0
2026-09-05 01:58:59.611: [INFO] BookmarkModelLoaded, ids_reassigned: 0
2026-09-05 01:58:59.611: [INFO] BookmarksLoadDropped droppedNodes=0
2026-09-05 01:58:59.611: [INFO] BookmarksSnapshot Startup total=0 bar=0 other=0 mobile=0 showBar=0 showBarNTP=1
2026-09-05 03:27:48.257: [INFO] BookmarksSnapshot Shutdown total=0 bar=0 other=0 mobile=0 showBar=0 showBarNTP=1
2026-09-05 04:11:16.443: [INFO] CurrentProfilePath: D:\24162112_NguyenHuyTan_JPA\.metadata\.plugins\org.eclipse.swt\EBWebView\Default
2026-09-05 04:11:16.443: [INFO] Profiles total count: 1
2026-09-05 04:11:16.443: [INFO] Profile: name=Profile 1 path=D:\24162112_NguyenHuyTan_JPA\.metadata\.plugins\org.eclipse.swt\EBWebView\Default lastActive=2026-08-24T06:38:12.161Z
2026-09-05 04:11:16.443: [INFO] LastUsedProfileDir: D:\24162112_NguyenHuyTan_JPA\.metadata\.plugins\org.eclipse.swt\EBWebView\Default
2026-09-05 04:11:16.443: [INFO] MostRecentlyActiveProfile: name=Profile 1 path=D:\24162112_NguyenHuyTan_JPA\.metadata\.plugins\org.eclipse.swt\EBWebView\Default lastActive=2026-08-24T06:38:12.161Z
2026-09-05 04:11:16.443: [INFO] OnDoneLoading sync enabled: 0
2026-09-05 04:11:16.443: [INFO] BookmarkModelLoaded, ids_reassigned: 0
2026-09-05 04:11:16.443: [INFO] BookmarksLoadDropped droppedNodes=0
2026-09-05 04:11:16.443: [INFO] BookmarksSnapshot Startup total=0 bar=0 other=0 mobile=0 showBar=0 showBarNTP=1
2026-09-05 04:11:57.926: [INFO] BookmarksSnapshot Shutdown total=0 bar=0 other=0 mobile=0 showBar=0 showBarNTP=1
2026-09-05 04:23:02.067: [INFO] CurrentProfilePath: D:\24162112_NguyenHuyTan_JPA\.metadata\.plugins\org.eclipse.swt\EBWebView\Default
2026-09-05 04:23:02.067: [INFO] Profiles total count: 1
2026-09-05 04:23:02.067: [INFO] Profile: name=Profile 1 path=D:\24162112_NguyenHuyTan_JPA\.metadata\.plugins\org.eclipse.swt\EBWebView\Default lastActive=2026-08-24T06:38:12.161Z
2026-09-05 04:23:02.067: [INFO] LastUsedProfileDir: D:\24162112_NguyenHuyTan_JPA\.metadata\.plugins\org.eclipse.swt\EBWebView\Default
2026-09-05 04:23:02.067: [INFO] MostRecentlyActiveProfile: name=Profile 1 path=D:\24162112_NguyenHuyTan_JPA\.metadata\.plugins\org.eclipse.swt\EBWebView\Default lastActive=2026-08-24T06:38:12.161Z
2026-09-05 04:23:02.067: [INFO] OnDoneLoading sync enabled: 0
2026-09-05 04:23:02.067: [INFO] BookmarkModelLoaded, ids_reassigned: 0
2026-09-05 04:23:02.067: [INFO] BookmarksLoadDropped droppedNodes=0
2026-09-05 04:23:02.067: [INFO] BookmarksSnapshot Startup total=0 bar=0 other=0 mobile=0 showBar=0 showBarNTP=1
2026-09-05 04:25:29.354: [INFO] BookmarksSnapshot Shutdown total=0 bar=0 other=0 mobile=0 showBar=0 showBarNTP=1
2026-09-05 04:58:12.604: [INFO] CurrentProfilePath: D:\24162112_NguyenHuyTan_JPA\.metadata\.plugins\org.eclipse.swt\EBWebView\Default
2026-09-05 04:58:12.604: [INFO] Profiles total count: 1
2026-09-05 04:58:12.604: [INFO] Profile: name=Profile 1 path=D:\24162112_NguyenHuyTan_JPA\.metadata\.plugins\org.eclipse.swt\EBWebView\Default lastActive=2026-08-24T06:38:12.161Z
2026-09-05 04:58:12.604: [INFO] LastUsedProfileDir: D:\24162112_NguyenHuyTan_JPA\.metadata\.plugins\org.eclipse.swt\EBWebView\Default
2026-09-05 04:58:12.604: [INFO] MostRecentlyActiveProfile: name=Profile 1 path=D:\24162112_NguyenHuyTan_JPA\.metadata\.plugins\org.eclipse.swt\EBWebView\Default lastActive=2026-08-24T06:38:12.161Z
2026-09-05 04:58:12.604: [INFO] OnDoneLoading sync enabled: 0
2026-09-05 04:58:12.604: [INFO] BookmarkModelLoaded, ids_reassigned: 0
2026-09-05 04:58:12.604: [INFO] BookmarksLoadDropped droppedNodes=0
2026-09-05 04:58:12.604: [INFO] BookmarksSnapshot Startup total=0 bar=0 other=0 mobile=0 showBar=0 showBarNTP=1
2026-09-05 05:08:44.989: [INFO] BookmarksSnapshot Shutdown total=0 bar=0 other=0 mobile=0 showBar=0 showBarNTP=1
2026-09-05 05:10:51.957: [INFO] CurrentProfilePath: D:\24162112_NguyenHuyTan_JPA\.metadata\.plugins\org.eclipse.swt\EBWebView\Default
2026-09-05 05:10:51.957: [INFO] Profiles total count: 1
2026-09-05 05:10:51.957: [INFO] Profile: name=Profile 1 path=D:\24162112_NguyenHuyTan_JPA\.metadata\.plugins\org.eclipse.swt\EBWebView\Default lastActive=2026-08-24T06:38:12.161Z
2026-09-05 05:10:51.957: [INFO] LastUsedProfileDir: D:\24162112_NguyenHuyTan_JPA\.metadata\.plugins\org.eclipse.swt\EBWebView\Default
2026-09-05 05:10:51.957: [INFO] MostRecentlyActiveProfile: name=Profile 1 path=D:\24162112_NguyenHuyTan_JPA\.metadata\.plugins\org.eclipse.swt\EBWebView\Default lastActive=2026-08-24T06:38:12.161Z
2026-09-05 05:10:51.957: [INFO] OnDoneLoading sync enabled: 0
2026-09-05 05:10:51.957: [INFO] BookmarkModelLoaded, ids_reassigned: 0
2026-09-05 05:10:51.957: [INFO] BookmarksLoadDropped droppedNodes=0
2026-09-05 05:10:51.957: [INFO] BookmarksSnapshot Startup total=0 bar=0 other=0 mobile=0 showBar=0 showBarNTP=1
2026-09-05 05:11:24.257: [INFO] BookmarksSnapshot Shutdown total=0 bar=0 other=0 mobile=0 showBar=0 showBarNTP=1
2026-09-05 05:16:18.588: [INFO] CurrentProfilePath: D:\24162112_NguyenHuyTan_JPA\.metadata\.plugins\org.eclipse.swt\EBWebView\Default
2026-09-05 05:16:18.588: [INFO] Profiles total count: 1
2026-09-05 05:16:18.588: [INFO] Profile: name=Profile 1 path=D:\24162112_NguyenHuyTan_JPA\.metadata\.plugins\org.eclipse.swt\EBWebView\Default lastActive=2026-08-24T06:38:12.161Z
2026-09-05 05:16:18.588: [INFO] LastUsedProfileDir: D:\24162112_NguyenHuyTan_JPA\.metadata\.plugins\org.eclipse.swt\EBWebView\Default
2026-09-05 05:16:18.588: [INFO] MostRecentlyActiveProfile: name=Profile 1 path=D:\24162112_NguyenHuyTan_JPA\.metadata\.plugins\org.eclipse.swt\EBWebView\Default lastActive=2026-08-24T06:38:12.161Z
2026-09-05 05:16:18.588: [INFO] OnDoneLoading sync enabled: 0
2026-09-05 05:16:18.588: [INFO] BookmarkModelLoaded, ids_reassigned: 0
2026-09-05 05:16:18.588: [INFO] BookmarksLoadDropped droppedNodes=0
2026-09-05 05:16:18.588: [INFO] BookmarksSnapshot Startup total=0 bar=0 other=0 mobile=0 showBar=0 showBarNTP=1
2026-09-05 05:16:23.688: [INFO] BookmarksSnapshot Shutdown total=0 bar=0 other=0 mobile=0 showBar=0 showBarNTP=1
2026-09-05 05:17:18.354: [INFO] CurrentProfilePath: D:\24162112_NguyenHuyTan_JPA\.metadata\.plugins\org.eclipse.swt\EBWebView\Default
2026-09-05 05:17:18.354: [INFO] Profiles total count: 1
2026-09-05 05:17:18.354: [INFO] Profile: name=Profile 1 path=D:\24162112_NguyenHuyTan_JPA\.metadata\.plugins\org.eclipse.swt\EBWebView\Default lastActive=2026-08-24T06:38:12.161Z
2026-09-05 05:17:18.354: [INFO] LastUsedProfileDir: D:\24162112_NguyenHuyTan_JPA\.metadata\.plugins\org.eclipse.swt\EBWebView\Default
2026-09-05 05:17:18.354: [INFO] MostRecentlyActiveProfile: name=Profile 1 path=D:\24162112_NguyenHuyTan_JPA\.metadata\.plugins\org.eclipse.swt\EBWebView\Default lastActive=2026-08-24T06:38:12.161Z
2026-09-05 05:17:18.354: [INFO] OnDoneLoading sync enabled: 0
2026-09-05 05:17:18.354: [INFO] BookmarkModelLoaded, ids_reassigned: 0
2026-09-05 05:17:18.354: [INFO] BookmarksLoadDropped droppedNodes=0
2026-09-05 05:17:18.354: [INFO] BookmarksSnapshot Startup total=0 bar=0 other=0 mobile=0 showBar=0 showBarNTP=1
2026-09-05 05:21:53.984: [INFO] BookmarksSnapshot Shutdown total=0 bar=0 other=0 mobile=0 showBar=0 showBarNTP=1
2026-09-05 09:16:28.774: [INFO] CurrentProfilePath: D:\24162112_NguyenHuyTan_JPA\.metadata\.plugins\org.eclipse.swt\EBWebView\Default
2026-09-05 09:16:28.774: [INFO] Profiles total count: 1
2026-09-05 09:16:28.774: [INFO] Profile: name=Profile 1 path=D:\24162112_NguyenHuyTan_JPA\.metadata\.plugins\org.eclipse.swt\EBWebView\Default lastActive=2026-08-24T06:38:12.161Z
2026-09-05 09:16:28.774: [INFO] LastUsedProfileDir: D:\24162112_NguyenHuyTan_JPA\.metadata\.plugins\org.eclipse.swt\EBWebView\Default
2026-09-05 09:16:28.774: [INFO] MostRecentlyActiveProfile: name=Profile 1 path=D:\24162112_NguyenHuyTan_JPA\.metadata\.plugins\org.eclipse.swt\EBWebView\Default lastActive=2026-08-24T06:38:12.161Z
2026-09-05 09:16:28.774: [INFO] OnDoneLoading sync enabled: 0
2026-09-05 09:16:28.774: [INFO] BookmarkModelLoaded, ids_reassigned: 0
2026-09-05 09:16:28.774: [INFO] BookmarksLoadDropped droppedNodes=0
2026-09-05 09:16:28.774: [INFO] BookmarksSnapshot Startup total=0 bar=0 other=0 mobile=0 showBar=0 showBarNTP=1
2026-09-05 09:19:34.079: [INFO] BookmarksSnapshot Shutdown total=0 bar=0 other=0 mobile=0 showBar=0 showBarNTP=1
2026-09-05 09:20:05.452: [INFO] CurrentProfilePath: D:\24162112_NguyenHuyTan_JPA\.metadata\.plugins\org.eclipse.swt\EBWebView\Default
2026-09-05 09:20:05.452: [INFO] Profiles total count: 1
2026-09-05 09:20:05.452: [INFO] Profile: name=Profile 1 path=D:\24162112_NguyenHuyTan_JPA\.metadata\.plugins\org.eclipse.swt\EBWebView\Default lastActive=2026-08-24T06:38:12.161Z
2026-09-05 09:20:05.452: [INFO] LastUsedProfileDir: D:\24162112_NguyenHuyTan_JPA\.metadata\.plugins\org.eclipse.swt\EBWebView\Default
2026-09-05 09:20:05.452: [INFO] MostRecentlyActiveProfile: name=Profile 1 path=D:\24162112_NguyenHuyTan_JPA\.metadata\.plugins\org.eclipse.swt\EBWebView\Default lastActive=2026-08-24T06:38:12.161Z
2026-09-05 09:20:05.452: [INFO] OnDoneLoading sync enabled: 0
2026-09-05 09:20:05.452: [INFO] BookmarkModelLoaded, ids_reassigned: 0
2026-09-05 09:20:05.452: [INFO] BookmarksLoadDropped droppedNodes=0
2026-09-05 09:20:05.452: [INFO] BookmarksSnapshot Startup total=0 bar=0 other=0 mobile=0 showBar=0 showBarNTP=1
2026-09-05 09:20:43.163: [INFO] BookmarksSnapshot Shutdown total=0 bar=0 other=0 mobile=0 showBar=0 showBarNTP=1
2026-09-05 09:21:20.750: [INFO] CurrentProfilePath: D:\24162112_NguyenHuyTan_JPA\.metadata\.plugins\org.eclipse.swt\EBWebView\Default
2026-09-05 09:21:20.750: [INFO] Profiles total count: 1
2026-09-05 09:21:20.750: [INFO] Profile: name=Profile 1 path=D:\24162112_NguyenHuyTan_JPA\.metadata\.plugins\org.eclipse.swt\EBWebView\Default lastActive=2026-08-24T06:38:12.161Z
2026-09-05 09:21:20.750: [INFO] LastUsedProfileDir: D:\24162112_NguyenHuyTan_JPA\.metadata\.plugins\org.eclipse.swt\EBWebView\Default
2026-09-05 09:21:20.750: [INFO] MostRecentlyActiveProfile: name=Profile 1 path=D:\24162112_NguyenHuyTan_JPA\.metadata\.plugins\org.eclipse.swt\EBWebView\Default lastActive=2026-08-24T06:38:12.161Z
2026-09-05 09:21:20.750: [INFO] OnDoneLoading sync enabled: 0
2026-09-05 09:21:20.750: [INFO] BookmarkModelLoaded, ids_reassigned: 0
2026-09-05 09:21:20.750: [INFO] BookmarksLoadDropped droppedNodes=0
2026-09-05 09:21:20.750: [INFO] BookmarksSnapshot Startup total=0 bar=0 other=0 mobile=0 showBar=0 showBarNTP=1
2026-09-05 11:39:38.714: [INFO] BookmarksSnapshot Shutdown total=0 bar=0 other=0 mobile=0 showBar=0 showBarNTP=1
2026-09-05 11:42:02.215: [INFO] CurrentProfilePath: D:\24162112_NguyenHuyTan_JPA\.metadata\.plugins\org.eclipse.swt\EBWebView\Default
2026-09-05 11:42:02.215: [INFO] Profiles total count: 1
2026-09-05 11:42:02.215: [INFO] Profile: name=Profile 1 path=D:\24162112_NguyenHuyTan_JPA\.metadata\.plugins\org.eclipse.swt\EBWebView\Default lastActive=2026-08-24T06:38:12.161Z
2026-09-05 11:42:02.215: [INFO] LastUsedProfileDir: D:\24162112_NguyenHuyTan_JPA\.metadata\.plugins\org.eclipse.swt\EBWebView\Default
2026-09-05 11:42:02.215: [INFO] MostRecentlyActiveProfile: name=Profile 1 path=D:\24162112_NguyenHuyTan_JPA\.metadata\.plugins\org.eclipse.swt\EBWebView\Default lastActive=2026-08-24T06:38:12.161Z
2026-09-05 11:42:02.215: [INFO] OnDoneLoading sync enabled: 0
2026-09-05 11:42:02.215: [INFO] BookmarkModelLoaded, ids_reassigned: 0
2026-09-05 11:42:02.215: [INFO] BookmarksLoadDropped droppedNodes=0
2026-09-05 11:42:02.215: [INFO] BookmarksSnapshot Startup total=0 bar=0 other=0 mobile=0 showBar=0 showBarNTP=1
2026-09-05 11:56:11.205: [INFO] BookmarksSnapshot Shutdown total=0 bar=0 other=0 mobile=0 showBar=0 showBarNTP=1
